1 - ----------T--:--:--.--- Local file logger: Cache saved to '----'/alma/ACS-4.0/acsdata/tmp/acs_local_log__xxxx'.
1 - ----------T--:--:--.--- Local file logger: Cache saved to '----'/alma/ACS-4.0/acsdata/tmp/acs_local_log__xxxx'.
1 - ----------T--:--:--.--- Request to load 'execComponentTestImpl'.
1 - ----------T--:--:--.--- acscomponent::ACSComponentImpl::ACSComponentImpl
1 - ----------T--:--:--.--- acscomponent::ACS::COMPSTATE_NEW
1 - Hello World
1 - ----------T--:--:--.--- acscomponent::ACSComponentImpl::cleanUp
1 - ----------T--:--:--.--- acscomponent::ACS::COMPSTATE_DESTROYING
1 - ----------T--:--:--.--- acscomponent::ACSComponentImpl::~ACSComponentImpl
1 - ----------T--:--:--.--- acscomponent::ACS::COMPSTATE_DEFUNCT
1 - 
1 - 
