1 - ----------T--:--:--.--- Local file logger: Cache saved to '----'/alma/ACS-4.0/acsdata/tmp/acs_local_log__xxxx'.
1 - Usage: ../bin/taskRunner <container name> <options>
1 - 	(e.g. ../bin/taskRunner Container)
1 - Options:
1 - 	-r			run Container in recovery mode
1 - 	-m <manager reference>	use given Manager reference
1 - 	-p <pid_file_name>	write process id to file
1 - 
1 - ----------T--:--:--.--- Local file logger: Cache saved to '----'/alma/ACS-4.0/acsdata/tmp/acs_local_log__xxxx'.
1 - ----------T--:--:--.--- Request to load 'characteristicTaskTestImpl'.
1 - ----------T--:--:--.--- acscomponent::ACSComponentImpl::ACSComponentImpl
1 - ----------T--:--:--.--- acscomponent::ACS::COMPSTATE_NEW
1 - ----------T--:--:--.--- Failed to read static data for 'TEST_TASK'
1 - ----------T--:--:--.--- acscomponent::ACSComponentImpl::~ACSComponentImpl
1 - ----------T--:--:--.--- acscomponent::ACS::COMPSTATE_DEFUNCT
1 - ----------T--:--:--.--- Failed to create component - constructor returned 0!
1 - ----------T--:--:--.--- task component couldn't be created
1 - error constructing the component
